## 版本

阿里云服务器

ContOS：7.9

## 安装 Node

[阿里云帮助文档：部署Node.js项目（CentOS）](https://help.aliyun.com/document_detail/50775.html)

### 使用NVM安装多版本。

NVM（Node Version Manager）是 Node.js 的版本管理软件，使您可以轻松在 Node.js 各个版本间进行切换。适用于长期做 node 开发的人员或有快速更新 node 版本、快速切换 node 版本的场景。

完成以下操作，使用 NVM 安装多个 Node.js 版本：

1. 使用 Git 将源码克隆到本地的 ~/.nvm 目录下，并检查最新版本，可能需要翻墙下载。

   ```bash
   yum install git
   git clone https://github.com/cnpm/nvm.git ~/.nvm && cd ~/.nvm && git checkout `git describe --abbrev=0 --tags`
   ```

2. 激活NVM。

   ```bash
   echo ". ~/.nvm/nvm.sh" >> /etc/profile
   source /etc/profile
   ```

3. 列出 Node.js 的所有版本。

   ```bash
   nvm list-remote
   ```

4. 安装多个 Node.js 版本。

   ```bash
   nvm install v16.13.0
   nvm install v17.1.0
   ```

5. 运行

   ```
   nvm ls
   ```

   查看已安装的 Node.js 版本。

   本示例使用的版本为 v7.4.0。返回结果如下所示。

   ```
   [root@iZXXXXZ .nvm]# nvm ls
            v16.13.0
   ->       v17.1.0
            system
   stable -> 16.13 (-> v16.13.0) (default)
   unstable -> 17.1 (-> v17.1.0) (default)
   ```

6. 运行

   ```
   nvm use <版本号>
   ```

   可以切换 Node.js 版本。

   例如，切换 Node.js 版本至 v16.13.0。返回结果如下所示。

   ```
   [root@iZXXXXZ .nvm]# nvm use v16.13.0
   Now using node v16.13.0
   ```

7. 安装目录

   **~/.nvm/versions**



## 安装 MySQL

1、安装 wget

```bash
yum install wget
```

2、下载 MySQL 的 repo 源

[MySQL Yum Repository](https://dev.mysql.com/downloads/repo/yum/)，在官网选择最新版本

![image-20211115181533987](D:\Leon\Github\CloudNote\Images\CentOS-01.png)

```bash
wget http://repo.mysql.com/mysql80-community-release-el7-4.noarch.rpm
```

3、安装 rpm 包

```bash
rpm -ivh mysql80-community-release-el7-4.noarch.rpm
```

4、安装 MySQL

```bash
yum install mysql-server
```

5、启动 MySQL

```bash
systemctl start mysqld.service
```

查看 mysql 运行状态

```bash
systemctl status mysqld.service
```

 此时 MySQL 已经开始正常运行，不过要想进入 MySQL 还得先找出此时 root 用户的密码，通过如下命令可以在日志文件中找出密码：

```bash
grep "password" /var/log/mysqld.log
```

登录进入数据库：

```bash
mysql -uroot -p
```

输入初始密码，此时不能做任何事情，因为 MySQL 默认必须修改密码之后才能操作数据库：

```bash
mysql> ALTER USER 'root'@'localhost' IDENTIFIED BY 'new password';
```

这里有个问题，新密码设置的时候如果设置的过于简单会报错：

```bash
RROR 1819 (HY000): Your password does not satisfy the current policy requirements
```

原因是因为 MySQL 有密码设置的规范，具体是与 validate_password_policy 的值有关：

![img](D:\Leon\Github\CloudNote\Images\CentOS-02.png)

MySQL 完整的初始密码规则可以通过如下命令查看：

```bash
mysql> SHOW VARIABLES LIKE 'validate_password%';
+--------------------------------------+-------+
| Variable_name                        | Value |
+--------------------------------------+-------+
| validate_password_check_user_name    | OFF   |
| validate_password_dictionary_file    |       |
| validate_password_length             | 4     |
| validate_password_mixed_case_count   | 1     |
| validate_password_number_count       | 1     |
| validate_password_policy             | LOW   |
| validate_password_special_char_count | 1     |
+--------------------------------------+-------+
7 rows in set (0.01 sec)
```

通过如下命令修改：

```bash
mysql> set global validate_password_policy=0;
mysql> set global validate_password_length=1;
```

此时 MySQL 8.0 版本可能会报错：

```bash
ERROR 1193 (HY000): Unknown system variable 'validate_password_policy'
ERROR 1193 (HY000): Unknown system variable 'validate_password_length'
```

MySQL 8.0 :

```BASH
mysql> set global validate_password.policy=0;
mysql> set global validate_password.length=1;
```

修改完后密码就可以设置的很简单，例如 1234 之类的。

6、安装目录

**默认安装目录：/usr/share/mysql-8.0**

7、**Client does not support authentication protocol requested by server; consider upgrading MySQL client**

先登录 MySQL 查看密码加密规则

```bash
mysql> use mysql
Reading table information for completion of table and column names
You can turn off this feature to get a quicker startup with -A

Database changed
mysql> select user,host,plugin from user where user='root';
+------+-----------+-----------------------+
| user | host      | plugin                |
+------+-----------+-----------------------+
| root | localhost | caching_sha2_password |
+------+-----------+-----------------------+
```

修改加密规则为 mysql_native_password

输入命令：

```bash
ALTER USER 'root'@'localhost' IDENTIFIED BY 'password' PASSWORD EXPIRE NEVER; #这里的password是你正在使用的密码
ALTER USER 'root'@'localhost' IDENTIFIED WITH mysql_native_password BY 'password'; #更新一下用户的密码这里的password 为你修改的新密码。
FLUSH PRIVILEGES; #刷新权限，使自己的修改生效。
```

再次查看加密规则是否更改成功：

```bash
mysql> use mysql
Database changed
mysql> select user,host,plugin from user where user='root';
+------+-----------+-----------------------+
| user | host      | plugin                |
+------+-----------+-----------------------+
| root | localhost | mysql_native_password |
+------+-----------+-----------------------+
1 row in set (0.00 sec)
```

8、允许任意 ip 连接 MySQL

先查看 MySQL 用户列表

```bash
mysql> use mysql
Database changed

mysql> select user,host from user;
+------------------+-----------+
| user             | host      |
+------------------+-----------+
| mysql.infoschema | localhost |
| mysql.session    | localhost |
| mysql.sys        | localhost |
| root             | localhost |
+------------------+-----------+
4 rows in set (0.00 sec)
```

此时本地 localhost 连接到数据库，将 localhost 改为 % 即任意

```bash
mysql> update user set host='%' where host='localhost' and user = 'root';
Query OK, 1 row affected (0.00 sec)
Rows matched: 1  Changed: 1  Warnings: 0

mysql> select user,host from user;
+------------------+-----------+
| user             | host      |
+------------------+-----------+
| root             | %         |
| mysql.infoschema | localhost |
| mysql.session    | localhost |
| mysql.sys        | localhost |
+------------------+-----------+
4 rows in set (0.00 sec)
```



## 安装 Nginx

1、安装epel包

```bash
yum install epel-release
```

epel-release会自动配置yum的软件仓库

2、再次安装 nginx

```bash
yum install -y nginx
```

3、安装目录

nginx 的配置文件在 **/etc/nginx/nginx.conf**

自定义的配置文件放在 /etc/nginx/conf.d

项目文件存放在 /usr/share/nginx/html/

日志文件存放在 /var/log/nginx/

还有一些其他的安装文件都在 /etc/nginx

4、命令

```bash
nginx的启动和关闭
nginx 启动Nginx
nginx -h 查看帮助信息
nginx -v 查看Nginx的版本号
nginx -V 显示Nginx的版本号和编译信息
start nginx 启动Nginx
nginx -s stop 快速停止和关闭Nginx
nginx -s quit 正常停止或关闭Nginx
nginx -s reload 配置文件修改重新加载
nginx -t 测试Nginx配置文件的正确性及配置文件的详细信息
```

5、记得在云服务器控制台开启 443 SSL
